// Jest Snapshot v1, https://goo.gl/fbAQLP

exports[`footer component Matches the snapshot 1`] = `
<div
  className="footer-wrapper"
>
  <div
    className="footer"
  >
    ПОДВАЛ
  </div>
</div>
`;
